113.137.106.174 - - [29/Apr/2018:20:38:10 +0800] "GET /javascript/projectMng/EntMngerHoldProjectPanel.js HTTP/1.1" 200 1951 "http://xfinity.net.cn/loadjs.htm" "Mozilla/5.0 (Windows NT 6.1; WOW64) AppleWebKit/537.36 (KHTML, like Gecko) Chrome/55.0.2883.87 Safari/537.36"
113.137.106.174 - - [29/Apr/2018:20:38:10 +0800] "GET /javascript/projectMng/DeptMngerHoldProjectPanel.js HTTP/1.1" 200 1968 "http://xfinity.net.cn/loadjs.htm" "Mozilla/5.0 (Windows NT 6.1; WOW64) AppleWebKit/537.36 (KHTML, like Gecko) Chrome/55.0.2883.87 Safari/537.36"
113.137.106.174 - - [29/Apr/2018:20:38:10 +0800] "GET /javascript/projectMng/ProjectMngerHoldProjectPanel.js HTTP/1.1" 200 1663 "http://xfinity.net.cn/loadjs.htm" "Mozilla/5.0 (Windows NT 6.1; WOW64) AppleWebKit/537.36 (KHTML, like Gecko) Chrome/55.0.2883.87 Safari/537.36"
113.137.106.174 - - [29/Apr/2018:20:38:10 +0800] "GET /javascript/statisticsMng/StatisticsPanel.js HTTP/1.1" 200 1918 "http://xfinity.net.cn/loadjs.htm" "Mozilla/5.0 (Windows NT 6.1; WOW64) AppleWebKit/537.36 (KHTML, like Gecko) Chrome/55.0.2883.87 Safari/537.36"
113.137.106.174 - - [29/Apr/2018:20:38:10 +0800] "GET /javascript/statisticsMng/EntJobStatisticsPanel.js HTTP/1.1" 200 2698 "http://xfinity.net.cn/loadjs.htm" "Mozilla/5.0 (Windows NT 6.1; WOW64) AppleWebKit/537.36 (KHTML, like Gecko) Chrome/55.0.2883.87 Safari/537.36"
113.137.106.174 - - [29/Apr/2018:20:38:10 +0800] "GET /javascript/statisticsMng/StatisticsMng.js HTTP/1.1" 200 3352 "http://xfinity.net.cn/loadjs.htm" "Mozilla/5.0 (Windows NT 6.1; WOW64) AppleWebKit/537.36 (KHTML, like Gecko) Chrome/55.0.2883.87 Safari/537.36"
113.137.106.174 - - [29/Apr/2018:20:38:10 +0800] "GET /javascript/statisticsMng/gridToExcel.js HTTP/1.1" 200 2319 "http://xfinity.net.cn/loadjs.htm" "Mozilla/5.0 (Windows NT 6.1; WOW64) AppleWebKit/537.36 (KHTML, like Gecko) Chrome/55.0.2883.87 Safari/537.36"
113.137.106.174 - - [29/Apr/2018:20:38:10 +0800] "GET /javascript/statisticsMng/DeptJobStatisticsPanel.js HTTP/1.1" 200 2583 "http://xfinity.net.cn/loadjs.htm" "Mozilla/5.0 (Windows NT 6.1; WOW64) AppleWebKit/537.36 (KHTML, like Gecko) Chrome/55.0.2883.87 Safari/537.36"
113.137.106.174 - - [29/Apr/2018:20:38:10 +0800] "GET /javascript/statisticsMng/EngineerJobStatisticsPanel.js HTTP/1.1" 200 2607 "http://xfinity.net.cn/loadjs.htm" "Mozilla/5.0 (Windows NT 6.1; WOW64) AppleWebKit/537.36 (KHTML, like Gecko) Chrome/55.0.2883.87 Safari/537.36"
113.137.106.174 - - [29/Apr/2018:20:38:10 +0800] "GET /javascript/statisticsMng/EntProjStatisticsPanel.js HTTP/1.1" 200 1069 "http://xfinity.net.cn/loadjs.htm" "Mozilla/5.0 (Windows NT 6.1; WOW64) AppleWebKit/537.36 (KHTML, like Gecko) Chrome/55.0.2883.87 Safari/537.36"
113.137.106.174 - - [29/Apr/2018:20:38:10 +0800] "GET /javascript/statisticsMng/DeptProjStatisticsPanel.js HTTP/1.1" 200 1075 "http://xfinity.net.cn/loadjs.htm" "Mozilla/5.0 (Windows NT 6.1; WOW64) AppleWebKit/537.36 (KHTML, like Gecko) Chrome/55.0.2883.87 Safari/537.36"
113.137.106.174 - - [29/Apr/2018:20:38:10 +0800] "GET /javascript/statisticsMng/EngineerProjStatisticsPanel.js HTTP/1.1" 200 1062 "http://xfinity.net.cn/loadjs.htm" "Mozilla/5.0 (Windows NT 6.1; WOW64) AppleWebKit/537.36 (KHTML, like Gecko) Chrome/55.0.2883.87 Safari/537.36"
113.137.106.174 - - [29/Apr/2018:20:38:10 +0800] "GET /javascript/onlineMng/onlineUserPanel.js HTTP/1.1" 200 1024 "http://xfinity.net.cn/loadjs.htm" "Mozilla/5.0 (Windows NT 6.1; WOW64) AppleWebKit/537.36 (KHTML, like Gecko) Chrome/55.0.2883.87 Safari/537.36"
113.137.106.174 - - [29/Apr/2018:20:38:10 +0800] "GET /javascript/rightMng/RightMng.js HTTP/1.1" 200 1244 "http://xfinity.net.cn/loadjs.htm" "Mozilla/5.0 (Windows NT 6.1; WOW64) AppleWebKit/537.36 (KHTML, like Gecko) Chrome/55.0.2883.87 Safari/537.36"
113.137.106.174 - - [29/Apr/2018:20:38:10 +0800] "GET /javascript/ldapMng/ldapInfoPanel.js HTTP/1.1" 200 4655 "http://xfinity.net.cn/loadjs.htm" "Mozilla/5.0 (Windows NT 6.1; WOW64) AppleWebKit/537.36 (KHTML, like Gecko) Chrome/55.0.2883.87 Safari/537.36"
113.137.106.174 - - [29/Apr/2018:20:38:10 +0800] "GET /javascript/cmdMng/cmdApplet.js HTTP/1.1" 200 1162 "http://xfinity.net.cn/loadjs.htm" "Mozilla/5.0 (Windows NT 6.1; WOW64) AppleWebKit/537.36 (KHTML, like Gecko) Chrome/55.0.2883.87 Safari/537.36"
113.137.106.174 - - [29/Apr/2018:20:38:10 +0800] "GET /javascript/cmdMng/CmdMng.js HTTP/1.1" 200 1439 "http://xfinity.net.cn/loadjs.htm" "Mozilla/5.0 (Windows NT 6.1; WOW64) AppleWebKit/537.36 (KHTML, like Gecko) Chrome/55.0.2883.87 Safari/537.36"
113.137.106.174 - - [29/Apr/2018:20:38:10 +0800] "GET /javascript/cmdMng/CmdPanel.js HTTP/1.1" 200 1353 "http://xfinity.net.cn/loadjs.htm" "Mozilla/5.0 (Windows NT 6.1; WOW64) AppleWebKit/537.36 (KHTML, like Gecko) Chrome/55.0.2883.87 Safari/537.36"
113.137.106.174 - - [29/Apr/2018:20:38:10 +0800] "GET /javascript/systemSettings/emailPanel.js HTTP/1.1" 200 1113 "http://xfinity.net.cn/loadjs.htm" "Mozilla/5.0 (Windows NT 6.1; WOW64) AppleWebKit/537.36 (KHTML, like Gecko) Chrome/55.0.2883.87 Safari/537.36"
113.137.106.174 - - [29/Apr/2018:20:38:10 +0800] "GET /javascript/systemSettings/systemSettings.js HTTP/1.1" 200 1217 "http://xfinity.net.cn/loadjs.htm" "Mozilla/5.0 (Windows NT 6.1; WOW64) AppleWebKit/537.36 (KHTML, like Gecko) Chrome/55.0.2883.87 Safari/537.36"
113.137.106.174 - - [29/Apr/2018:20:38:10 +0800] "GET /javascript/systemSettings/xthemePanel.js HTTP/1.1" 200 1492 "http://xfinity.net.cn/loadjs.htm" "Mozilla/5.0 (Windows NT 6.1; WOW64) AppleWebKit/537.36 (KHTML, like Gecko) Chrome/55.0.2883.87 Safari/537.36"
113.137.106.174 - - [29/Apr/2018:20:38:10 +0800] "GET /javascript/help/help.js HTTP/1.1" 200 3314 "http://xfinity.net.cn/loadjs.htm" "Mozilla/5.0 (Windows NT 6.1; WOW64) AppleWebKit/537.36 (KHTML, like Gecko) Chrome/55.0.2883.87 Safari/537.36"
113.137.106.174 - - [29/Apr/2018:20:38:10 +0800] "GET /javascript/license/softwareLicense.js HTTP/1.1" 200 2196 "http://xfinity.net.cn/loadjs.htm" "Mozilla/5.0 (Windows NT 6.1; WOW64) AppleWebKit/537.36 (KHTML, like Gecko) Chrome/55.0.2883.87 Safari/537.36"
113.137.106.174 - - [29/Apr/2018:20:38:10 +0800] "GET /javascript/rdp/rdp.js HTTP/1.1" 200 3213 "http://xfinity.net.cn/loadjs.htm" "Mozilla/5.0 (Windows NT 6.1; WOW64) AppleWebKit/537.36 (KHTML, like Gecko) Chrome/55.0.2883.87 Safari/537.36"
113.137.106.174 - - [29/Apr/2018:20:38:11 +0800] "GET /javascript/cookieUtil.js HTTP/1.1" 200 270 "http://xfinity.net.cn/index.do" "Mozilla/5.0 (Windows NT 6.1; WOW64) AppleWebKit/537.36 (KHTML, like Gecko) Chrome/55.0.2883.87 Safari/537.36"
113.137.106.174 - - [29/Apr/2018:20:38:10 +0800] "GET /shared/login/white_lock.gif HTTP/1.1" 200 199 "http://xfinity.net.cn/index.do" "Mozilla/5.0 (Windows NT 6.1; WOW64) AppleWebKit/537.36 (KHTML, like Gecko) Chrome/55.0.2883.87 Safari/537.36"
113.137.106.174 - - [29/Apr/2018:20:38:10 +0800] "GET /shared/login/text_dotmaclogin_t.gif HTTP/1.1" 200 5677 "http://xfinity.net.cn/index.do" "Mozilla/5.0 (Windows NT 6.1; WOW64) AppleWebKit/537.36 (KHTML, like Gecko) Chrome/55.0.2883.87 Safari/537.36"
113.137.106.174 - - [29/Apr/2018:20:38:11 +0800] "GET /image.jsp HTTP/1.1" 200 1226 "http://xfinity.net.cn/index.do" "Mozilla/5.0 (Windows NT 6.1; WOW64) AppleWebKit/537.36 (KHTML, like Gecko) Chrome/55.0.2883.87 Safari/537.36"
113.137.106.174 - - [29/Apr/2018:20:38:10 +0800] "GET /javascript/share/md5EncodeAndDecode.js HTTP/1.1" 200 589 "http://xfinity.net.cn/index.do" "Mozilla/5.0 (Windows NT 6.1; WOW64) AppleWebKit/537.36 (KHTML, like Gecko) Chrome/55.0.2883.87 Safari/537.36"
113.137.106.174 - - [29/Apr/2018:20:38:11 +0800] "GET /shared/login/tree.gif HTTP/1.1" 200 6952 "http://xfinity.net.cn/index.do" "Mozilla/5.0 (Windows NT 6.1; WOW64) AppleWebKit/537.36 (KHTML, like Gecko) Chrome/55.0.2883.87 Safari/537.36"
42.236.55.21 - - [29/Apr/2018:20:40:16 +0800] "GET / HTTP/1.1" 302 - "http://xfinity.net.cn/" "Mozilla/5.0 (compatible; MSIE 9.0; Windows NT 6.1; Trident/5.0); 360Spider"
42.236.55.21 - - [29/Apr/2018:20:40:16 +0800] "GET /index.do HTTP/1.1" 200 26224 "http://xfinity.net.cn/index.do" "Mozilla/5.0 (compatible; MSIE 9.0; Windows NT 6.1; Trident/5.0); 360Spider"
186.220.107.193 - - [29/Apr/2018:20:45:31 +0800] "GET /cgi/common.cgi HTTP/1.1" 404 951 "-" "Wget(linux)"
186.220.107.193 - - [29/Apr/2018:20:45:34 +0800] "GET /stssys.htm HTTP/1.1" 404 943 "-" "Wget(linux)"
186.220.107.193 - - [29/Apr/2018:20:45:37 +0800] "GET / HTTP/1.1" 302 - "-" "Wget(linux)"
186.220.107.193 - - [29/Apr/2018:20:45:40 +0800] "POST /command.php HTTP/1.1" 404 945 "-" "Wget(linux)"
186.220.107.193 - - [29/Apr/2018:20:45:43 +0800] "GET /cgi/common.cgi HTTP/1.1" 404 951 "-" "Wget(linux)"
186.220.107.193 - - [29/Apr/2018:20:45:46 +0800] "GET /stssys.htm HTTP/1.1" 404 943 "-" "Wget(linux)"
186.220.107.193 - - [29/Apr/2018:20:45:49 +0800] "GET / HTTP/1.1" 302 - "-" "Wget(linux)"
186.220.107.193 - - [29/Apr/2018:20:45:52 +0800] "POST /command.php HTTP/1.1" 404 945 "-" "Wget(linux)"
125.88.223.58 - - [29/Apr/2018:20:46:19 +0800] "GET / HTTP/1.1" 302 - "-" "Mozilla/5.0 (compatible; MSIE 7.0; Windows NT 5.1; .NET CLR 1.1.4322) 360JK yunjiankong 1479725"
125.88.223.58 - - [29/Apr/2018:20:46:19 +0800] "GET /index.do HTTP/1.1" 200 26224 "-" "Mozilla/5.0 (compatible; MSIE 7.0; Windows NT 5.1; .NET CLR 1.1.4322) 360JK yunjiankong 1479725"
159.226.45.6 - - [29/Apr/2018:20:50:27 +0800] "HEAD / HTTP/1.1" 302 - "-" "curl/7.19.7 (x86_64-redhat-linux-gnu) libcurl/7.19.7 NSS/3.13.1.0 zlib/1.2.3 libidn/1.18 libssh2/1.2.2"
31.184.193.154 - - [29/Apr/2018:21:03:35 +0800] "GET / HTTP/1.0" 302 - "-" "Mozilla/5.0 (Windows NT 6.1; Win64; x64) AppleWebKit/537.36 (KHTML, like Gecko) Chrome/65.0.3325.181 Safari/537.36"
125.88.223.58 - - [29/Apr/2018:21:09:47 +0800] "GET / HTTP/1.1" 302 - "-" "Mozilla/5.0 (compatible; MSIE 7.0; Windows NT 5.1; .NET CLR 1.1.4322) 360JK yunjiankong 1479725"
125.88.223.58 - - [29/Apr/2018:21:09:47 +0800] "GET /index.do HTTP/1.1" 200 26224 "-" "Mozilla/5.0 (compatible; MSIE 7.0; Windows NT 5.1; .NET CLR 1.1.4322) 360JK yunjiankong 1479725"
66.249.73.95 - - [29/Apr/2018:21:11:43 +0800] "GET /favicon.ico HTTP/1.1" 304 - "-" "Googlebot-Image/1.0"
66.249.73.68 - - [29/Apr/2018:21:16:53 +0800] "GET /shared/login/welcome.png HTTP/1.1" 200 19018 "-" "Googlebot-Image/1.0"
31.184.193.154 - - [29/Apr/2018:21:24:07 +0800] "GET / HTTP/1.0" 302 - "-" "Mozilla/5.0 (Windows NT 6.1; Win64; x64) AppleWebKit/537.36 (KHTML, like Gecko) Chrome/65.0.3325.181 Safari/537.36"
43.251.99.6 - - [29/Apr/2018:21:29:30 +0800] "GET / HTTP/1.1" 302 - "-" "-"
43.251.99.6 - - [29/Apr/2018:21:29:54 +0800] "GET / HTTP/1.1" 302 - "-" "-"
111.206.36.135 - - [29/Apr/2018:21:33:51 +0800] "GET / HTTP/1.1" 302 - "-" "Mozilla/5.0 (Macintosh; Intel Mac OS X 10_11_2) AppleWebKit/537.36 (KHTML, like Gecko) Chrome/47.0.2526.80 Safari/537.36"
159.226.45.6 - - [29/Apr/2018:21:46:21 +0800] "HEAD / HTTP/1.1" 302 - "-" "curl/7.19.7 (x86_64-redhat-linux-gnu) libcurl/7.19.7 NSS/3.13.1.0 zlib/1.2.3 libidn/1.18 libssh2/1.2.2"
80.211.234.14 - - [29/Apr/2018:21:47:55 +0800] "GET /w00tw00t.at.blackhats.romanian.anti-sec:) HTTP/1.1" 404 1005 "-" "ZmEu"
80.211.234.14 - - [29/Apr/2018:21:47:55 +0800] "GET /phpMyAdmin/scripts/setup.php HTTP/1.1" 404 979 "-" "ZmEu"
80.211.234.14 - - [29/Apr/2018:21:47:56 +0800] "GET /phpmyadmin/scripts/setup.php HTTP/1.1" 404 979 "-" "ZmEu"
80.211.234.14 - - [29/Apr/2018:21:47:56 +0800] "GET /pma/scripts/setup.php HTTP/1.1" 404 965 "-" "ZmEu"
80.211.234.14 - - [29/Apr/2018:21:47:58 +0800] "GET /myadmin/scripts/setup.php HTTP/1.1" 404 973 "-" "ZmEu"
80.211.234.14 - - [29/Apr/2018:21:47:58 +0800] "GET /MyAdmin/scripts/setup.php HTTP/1.1" 404 973 "-" "ZmEu"
66.249.73.65 - - [29/Apr/2018:21:52:18 +0800] "GET /shared/login/tooltiparrow.gif HTTP/1.1" 200 340 "-" "Googlebot-Image/1.0"
125.88.223.58 - - [29/Apr/2018:22:09:55 +0800] "GET / HTTP/1.1" 302 - "-" "Mozilla/5.0 (compatible; MSIE 7.0; Windows NT 5.1; .NET CLR 1.1.4322) 360JK yunjiankong 1479725"
125.88.223.58 - - [29/Apr/2018:22:09:55 +0800] "GET /index.do HTTP/1.1" 200 26224 "-" "Mozilla/5.0 (compatible; MSIE 7.0; Windows NT 5.1; .NET CLR 1.1.4322) 360JK yunjiankong 1479725"
122.226.150.246 - - [29/Apr/2018:22:10:56 +0800] "GET / HTTP/1.1" 302 - "-" "User-Agent:Mozilla/4.0 (compatible; MSIE 6.0; Windows NT 5.2; .NET CLR 1.0.3705"
122.226.150.246 - - [29/Apr/2018:22:10:56 +0800] "GET / HTTP/1.1" 302 - "-" "User-Agent:Mozilla/4.0 (compatible; MSIE 6.0; Windows NT 5.2; .NET CLR 1.0.3705"
122.226.150.246 - - [29/Apr/2018:22:10:56 +0800] "GET /index.do HTTP/1.1" 200 26312 "-" "User-Agent:Mozilla/4.0 (compatible; MSIE 6.0; Windows NT 5.2; .NET CLR 1.0.3705"
122.226.150.246 - - [29/Apr/2018:22:10:56 +0800] "GET /index.do HTTP/1.1" 200 26312 "-" "User-Agent:Mozilla/4.0 (compatible; MSIE 6.0; Windows NT 5.2; .NET CLR 1.0.3705"
122.226.150.246 - - [29/Apr/2018:22:10:56 +0800] "GET /login.do HTTP/1.1" 200 26312 "-" "Mozilla/5.0 (Macintosh; Intel Mac OS X 10_12_3) AppleWebKit/537.36 (KHTML, like Gecko) Chrome/56.0.2924.87 Safari/537.36"
122.226.150.246 - - [29/Apr/2018:22:10:56 +0800] "GET /login.do HTTP/1.1" 200 26312 "-" "Mozilla/5.0 (Macintosh; Intel Mac OS X 10_12_3) AppleWebKit/537.36 (KHTML, like Gecko) Chrome/56.0.2924.87 Safari/537.36"
212.15.99.53 - - [29/Apr/2018:22:12:32 +0800] "GET /w00tw00t.at.blackhats.romanian.anti-sec:) HTTP/1.1" 404 1005 "-" "ZmEu"
212.15.99.53 - - [29/Apr/2018:22:12:32 +0800] "GET /phpMyAdmin/scripts/setup.php HTTP/1.1" 404 979 "-" "ZmEu"
212.15.99.53 - - [29/Apr/2018:22:12:33 +0800] "GET /phpmyadmin/scripts/setup.php HTTP/1.1" 404 979 "-" "ZmEu"
212.15.99.53 - - [29/Apr/2018:22:12:33 +0800] "GET /pma/scripts/setup.php HTTP/1.1" 404 965 "-" "ZmEu"
212.15.99.53 - - [29/Apr/2018:22:12:35 +0800] "GET /myadmin/scripts/setup.php HTTP/1.1" 404 973 "-" "ZmEu"
212.15.99.53 - - [29/Apr/2018:22:12:35 +0800] "GET /MyAdmin/scripts/setup.php HTTP/1.1" 404 973 "-" "ZmEu"
66.249.73.68 - - [29/Apr/2018:22:37:32 +0800] "GET /shared/login/android.png HTTP/1.1" 304 - "-" "Googlebot-Image/1.0"
35.195.119.103 - - [29/Apr/2018:22:38:50 +0800] "GET /admin.php HTTP/1.1" 404 941 "-" "Mozilla/5.0 zgrab/0.x"
80.82.70.187 - - [29/Apr/2018:22:46:52 +0800] "GET /cache/global/img/gs.gif HTTP/1.1" 404 969 "-" "Mozilla"
60.177.85.61 - - [29/Apr/2018:22:51:59 +0800] "GET /favicon.ico HTTP/1.1" 200 318 "-" "Mozilla/5.0 (Windows NT 6.1; WOW64) AppleWebKit/537.36 (KHTML, like Gecko) Chrome/58.0.3029.110 Safari/537.36 SE 2.X MetaSr 1.0"
80.82.70.187 - - [29/Apr/2018:23:02:22 +0800] "GET /cache/global/img/gs.gif HTTP/1.1" 404 969 "-" "Mozilla"
125.88.223.58 - - [29/Apr/2018:23:09:53 +0800] "GET / HTTP/1.1" 302 - "-" "Mozilla/5.0 (compatible; MSIE 7.0; Windows NT 5.1; .NET CLR 1.1.4322) 360JK yunjiankong 1479725"
125.88.223.58 - - [29/Apr/2018:23:09:53 +0800] "GET /index.do HTTP/1.1" 200 26224 "-" "Mozilla/5.0 (compatible; MSIE 7.0; Windows NT 5.1; .NET CLR 1.1.4322) 360JK yunjiankong 1479725"
80.82.70.187 - - [29/Apr/2018:23:23:59 +0800] "GET /cache/global/img/gs.gif HTTP/1.1" 404 969 "-" "Mozilla"
185.222.211.18 - - [29/Apr/2018:23:24:42 +0800] "null null null" 400 - "-" "-"
183.131.91.131 - - [29/Apr/2018:23:32:26 +0800] "GET /manager/html HTTP/1.1" 404 947 "-" "Mozilla/5.0 (compatible; MSIE 10.0; Windows NT 6.2; WOW64; Trident/6.0)"
31.184.193.154 - - [29/Apr/2018:23:34:23 +0800] "GET / HTTP/1.0" 302 - "-" "Mozilla/5.0 (Windows NT 6.1; Win64; x64) AppleWebKit/537.36 (KHTML, like Gecko) Chrome/65.0.3325.181 Safari/537.36"
80.82.70.187 - - [29/Apr/2018:23:43:39 +0800] "GET /cache/global/img/gs.gif HTTP/1.1" 404 969 "-" "Mozilla"
223.105.4.248 - - [29/Apr/2018:23:44:19 +0800] "GET /index.php HTTP/1.1" 404 941 "-" "Mozilla/5.0 (Windows NT 6.1; WOW64) AppleWebKit/537.36 (KHTML, like Gecko) Chrome/38.0.2125.122 Safari/537.36 SE 2.X MetaSr 1.0"
223.105.4.248 - - [29/Apr/2018:23:44:19 +0800] "GET /index.php HTTP/1.1" 404 941 "-" "Mozilla/5.0 (Windows NT 5.1) AppleWebKit/537.36 (KHTML, like Gecko) Chrome/46.0.2490.86 Safari/537.36"
217.61.0.54 - - [29/Apr/2018:23:47:10 +0800] "GET /js/mage/cookies.js HTTP/1.1" 404 959 "xfinity.net.cn" "Mozilla/5.0 (Windows; U; Windows NT 5.1; en-US) AppleWebKit/533.4 (KHTML, like Gecko) Chrome/5.0.375.99 Safari/533.4"
217.61.0.54 - - [29/Apr/2018:23:47:15 +0800] "GET /js/mage/cookies.js HTTP/1.1" 404 959 "xfinity.net.cn" "Mozilla/5.0 (Windows; U; Windows NT 5.1; en-US) AppleWebKit/533.4 (KHTML, like Gecko) Chrome/5.0.375.99 Safari/533.4"
